// Jest Snapshot v1, https://goo.gl/fbAQLP

exports[`ColorSelect tests default renderer 1`] = `
<ColorSelect
  colors={
    Array [
      "#CE93D8",
      "#2196F3",
      "#4CAF50",
      "#E57373",
    ]
  }
  intl={
    Object {
      "formatMessage": [Function],
    }
  }
/>
`;
