// Jest Snapshot v1, https://goo.gl/fbAQLP

exports[`LoadingIcon tests default renderer 1`] = `
<WithStyles(ForwardRef(CircularProgress))
  className="LoadingIcon"
  size={14}
/>
`;
