// Jest Snapshot v1, https://goo.gl/fbAQLP

exports[`Speech tests default renderer 1`] = `
<Speech
  classes={
    Object {
      "container": "Speech-container-1",
    }
  }
/>
`;
