// Jest Snapshot v1, https://goo.gl/fbAQLP

exports[`SymbolSearch tests default renderer 1`] = `<InjectIntl(SymbolSearch) />`;
