// Jest Snapshot v1, https://goo.gl/fbAQLP

exports[`LockToggle tests default renderer 1`] = `
<_class
  clicksToUnlock={4}
  intl={
    Object {
      "formatMessage": [Function],
    }
  }
  onClick={[Function]}
  onLockTick={[Function]}
/>
`;
