// Jest Snapshot v1, https://goo.gl/fbAQLP

exports[`container group Test themeProviderContainer: snapshot test 1`] = `
<p
  className="sub"
>
  Sub
</p>
`;
