// Jest Snapshot v1, https://goo.gl/fbAQLP

exports[`Language tests matches snapshot 1`] = `
ShallowWrapper {
  Symbol(enzyme.__root__): [Circular],
  Symbol(enzyme.__unrendered__): <Language
    langs={
      Array [
        "en-US",
        "es-ES",
      ]
    }
    onClose={[MockFunction]}
    onLangClick={[MockFunction]}
    onSubmitLang={[MockFunction]}
    selectedLang="en-US"
  />,
  Symbol(enzyme.__renderer__): Object {
    "batchedUpdates": [Function],
    "checkPropTypes": [Function],
    "getNode": [Function],
    "render": [Function],
    "simulateError": [Function],
    "simulateEvent": [Function],
    "unmount": [Function],
  },
  Symbol(enzyme.__node__): Object {
    "instance": null,
    "key": undefined,
    "nodeType": "class",
    "props": Object {
      "children": <WithStyles(Paper)>
        <WithStyles(List)>
          <WithStyles(ListItem)
            button={true}
            divider={true}
            onClick={[Function]}
          >
            <WithStyles(ListItemText)
              primary="English "
              secondary={
                <FormattedMessage
                  defaultMessage="English"
                  id="cboard.components.Settings.Language.english"
                  values={Object {}}
                />
              }
            />
            <pure(CheckIcon) />
          </WithStyles(ListItem)>
          <WithStyles(ListItem)
            button={true}
            divider={false}
            onClick={[Function]}
          >
            <WithStyles(ListItemText)
              primary="Español "
              secondary={
                <FormattedMessage
                  defaultMessage="Spanish"
                  id="cboard.components.Settings.Language.spanish"
                  values={Object {}}
                />
              }
            />
          </WithStyles(ListItem)>
        </WithStyles(List)>
      </WithStyles(Paper)>,
      "onClose": [MockFunction],
      "onSubmit": [MockFunction],
      "open": true,
      "title": <FormattedMessage
        defaultMessage="Language"
        id="cboard.components.Settings.Language.language"
        values={Object {}}
      />,
    },
    "ref": null,
    "rendered": Object {
      "instance": null,
      "key": undefined,
      "nodeType": "class",
      "props": Object {
        "children": <WithStyles(List)>
          <WithStyles(ListItem)
            button={true}
            divider={true}
            onClick={[Function]}
          >
            <WithStyles(ListItemText)
              primary="English "
              secondary={
                <FormattedMessage
                  defaultMessage="English"
                  id="cboard.components.Settings.Language.english"
                  values={Object {}}
                />
              }
            />
            <pure(CheckIcon) />
          </WithStyles(ListItem)>
          <WithStyles(ListItem)
            button={true}
            divider={false}
            onClick={[Function]}
          >
            <WithStyles(ListItemText)
              primary="Español "
              secondary={
                <FormattedMessage
                  defaultMessage="Spanish"
                  id="cboard.components.Settings.Language.spanish"
                  values={Object {}}
                />
              }
            />
          </WithStyles(ListItem)>
        </WithStyles(List)>,
      },
      "ref": null,
      "rendered": Object {
        "instance": null,
        "key": undefined,
        "nodeType": "class",
        "props": Object {
          "children": Array [
            <WithStyles(ListItem)
              button={true}
              divider={true}
              onClick={[Function]}
            >
              <WithStyles(ListItemText)
                primary="English "
                secondary={
                  <FormattedMessage
                    defaultMessage="English"
                    id="cboard.components.Settings.Language.english"
                    values={Object {}}
                  />
                }
              />
              <pure(CheckIcon) />
            </WithStyles(ListItem)>,
            <WithStyles(ListItem)
              button={true}
              divider={false}
              onClick={[Function]}
            >
              <WithStyles(ListItemText)
                primary="Español "
                secondary={
                  <FormattedMessage
                    defaultMessage="Spanish"
                    id="cboard.components.Settings.Language.spanish"
                    values={Object {}}
                  />
                }
              />
            </WithStyles(ListItem)>,
          ],
        },
        "ref": null,
        "rendered": Array [
          Object {
            "instance": null,
            "key": "0",
            "nodeType": "class",
            "props": Object {
              "button": true,
              "children": Array [
                <WithStyles(ListItemText)
                  primary="English "
                  secondary={
                    <FormattedMessage
                      defaultMessage="English"
                      id="cboard.components.Settings.Language.english"
                      values={Object {}}
                    />
                  }
                />,
                <pure(CheckIcon) />,
              ],
              "divider": true,
              "onClick": [Function],
            },
            "ref": null,
            "rendered": Array [
              Object {
                "instance": null,
                "key": undefined,
                "nodeType": "class",
                "props": Object {
                  "primary": "English ",
                  "secondary": <FormattedMessage
                    defaultMessage="English"
                    id="cboard.components.Settings.Language.english"
                    values={Object {}}
                  />,
                },
                "ref": null,
                "rendered": null,
                "type": [Function],
              },
              Object {
                "instance": null,
                "key": undefined,
                "nodeType": "class",
                "props": Object {},
                "ref": null,
                "rendered": null,
                "type": [Function],
              },
            ],
            "type": [Function],
          },
          Object {
            "instance": null,
            "key": "1",
            "nodeType": "class",
            "props": Object {
              "button": true,
              "children": Array [
                <WithStyles(ListItemText)
                  primary="Español "
                  secondary={
                    <FormattedMessage
                      defaultMessage="Spanish"
                      id="cboard.components.Settings.Language.spanish"
                      values={Object {}}
                    />
                  }
                />,
                false,
              ],
              "divider": false,
              "onClick": [Function],
            },
            "ref": null,
            "rendered": Array [
              Object {
                "instance": null,
                "key": undefined,
                "nodeType": "class",
                "props": Object {
                  "primary": "Español ",
                  "secondary": <FormattedMessage
                    defaultMessage="Spanish"
                    id="cboard.components.Settings.Language.spanish"
                    values={Object {}}
                  />,
                },
                "ref": null,
                "rendered": null,
                "type": [Function],
              },
              false,
            ],
            "type": [Function],
          },
        ],
        "type": [Function],
      },
      "type": [Function],
    },
    "type": [Function],
  },
  Symbol(enzyme.__nodes__): Array [
    Object {
      "instance": null,
      "key": undefined,
      "nodeType": "class",
      "props": Object {
        "children": <WithStyles(Paper)>
          <WithStyles(List)>
            <WithStyles(ListItem)
              button={true}
              divider={true}
              onClick={[Function]}
            >
              <WithStyles(ListItemText)
                primary="English "
                secondary={
                  <FormattedMessage
                    defaultMessage="English"
                    id="cboard.components.Settings.Language.english"
                    values={Object {}}
                  />
                }
              />
              <pure(CheckIcon) />
            </WithStyles(ListItem)>
            <WithStyles(ListItem)
              button={true}
              divider={false}
              onClick={[Function]}
            >
              <WithStyles(ListItemText)
                primary="Español "
                secondary={
                  <FormattedMessage
                    defaultMessage="Spanish"
                    id="cboard.components.Settings.Language.spanish"
                    values={Object {}}
                  />
                }
              />
            </WithStyles(ListItem)>
          </WithStyles(List)>
        </WithStyles(Paper)>,
        "onClose": [MockFunction],
        "onSubmit": [MockFunction],
        "open": true,
        "title": <FormattedMessage
          defaultMessage="Language"
          id="cboard.components.Settings.Language.language"
          values={Object {}}
        />,
      },
      "ref": null,
      "rendered": Object {
        "instance": null,
        "key": undefined,
        "nodeType": "class",
        "props": Object {
          "children": <WithStyles(List)>
            <WithStyles(ListItem)
              button={true}
              divider={true}
              onClick={[Function]}
            >
              <WithStyles(ListItemText)
                primary="English "
                secondary={
                  <FormattedMessage
                    defaultMessage="English"
                    id="cboard.components.Settings.Language.english"
                    values={Object {}}
                  />
                }
              />
              <pure(CheckIcon) />
            </WithStyles(ListItem)>
            <WithStyles(ListItem)
              button={true}
              divider={false}
              onClick={[Function]}
            >
              <WithStyles(ListItemText)
                primary="Español "
                secondary={
                  <FormattedMessage
                    defaultMessage="Spanish"
                    id="cboard.components.Settings.Language.spanish"
                    values={Object {}}
                  />
                }
              />
            </WithStyles(ListItem)>
          </WithStyles(List)>,
        },
        "ref": null,
        "rendered": Object {
          "instance": null,
          "key": undefined,
          "nodeType": "class",
          "props": Object {
            "children": Array [
              <WithStyles(ListItem)
                button={true}
                divider={true}
                onClick={[Function]}
              >
                <WithStyles(ListItemText)
                  primary="English "
                  secondary={
                    <FormattedMessage
                      defaultMessage="English"
                      id="cboard.components.Settings.Language.english"
                      values={Object {}}
                    />
                  }
                />
                <pure(CheckIcon) />
              </WithStyles(ListItem)>,
              <WithStyles(ListItem)
                button={true}
                divider={false}
                onClick={[Function]}
              >
                <WithStyles(ListItemText)
                  primary="Español "
                  secondary={
                    <FormattedMessage
                      defaultMessage="Spanish"
                      id="cboard.components.Settings.Language.spanish"
                      values={Object {}}
                    />
                  }
                />
              </WithStyles(ListItem)>,
            ],
          },
          "ref": null,
          "rendered": Array [
            Object {
              "instance": null,
              "key": "0",
              "nodeType": "class",
              "props": Object {
                "button": true,
                "children": Array [
                  <WithStyles(ListItemText)
                    primary="English "
                    secondary={
                      <FormattedMessage
                        defaultMessage="English"
                        id="cboard.components.Settings.Language.english"
                        values={Object {}}
                      />
                    }
                  />,
                  <pure(CheckIcon) />,
                ],
                "divider": true,
                "onClick": [Function],
              },
              "ref": null,
              "rendered": Array [
                Object {
                  "instance": null,
                  "key": undefined,
                  "nodeType": "class",
                  "props": Object {
                    "primary": "English ",
                    "secondary": <FormattedMessage
                      defaultMessage="English"
                      id="cboard.components.Settings.Language.english"
                      values={Object {}}
                    />,
                  },
                  "ref": null,
                  "rendered": null,
                  "type": [Function],
                },
                Object {
                  "instance": null,
                  "key": undefined,
                  "nodeType": "class",
                  "props": Object {},
                  "ref": null,
                  "rendered": null,
                  "type": [Function],
                },
              ],
              "type": [Function],
            },
            Object {
              "instance": null,
              "key": "1",
              "nodeType": "class",
              "props": Object {
                "button": true,
                "children": Array [
                  <WithStyles(ListItemText)
                    primary="Español "
                    secondary={
                      <FormattedMessage
                        defaultMessage="Spanish"
                        id="cboard.components.Settings.Language.spanish"
                        values={Object {}}
                      />
                    }
                  />,
                  false,
                ],
                "divider": false,
                "onClick": [Function],
              },
              "ref": null,
              "rendered": Array [
                Object {
                  "instance": null,
                  "key": undefined,
                  "nodeType": "class",
                  "props": Object {
                    "primary": "Español ",
                    "secondary": <FormattedMessage
                      defaultMessage="Spanish"
                      id="cboard.components.Settings.Language.spanish"
                      values={Object {}}
                    />,
                  },
                  "ref": null,
                  "rendered": null,
                  "type": [Function],
                },
                false,
              ],
              "type": [Function],
            },
          ],
          "type": [Function],
        },
        "type": [Function],
      },
      "type": [Function],
    },
  ],
  Symbol(enzyme.__options__): Object {
    "adapter": ReactSixteenAdapter {
      "options": Object {
        "enableComponentDidUpdateOnSetState": true,
        "legacyContextMode": "parent",
        "lifecycles": Object {
          "componentDidUpdate": Object {
            "onSetState": true,
          },
          "getChildContext": Object {
            "calledByRenderer": false,
          },
          "getDerivedStateFromError": true,
          "getDerivedStateFromProps": Object {
            "hasShouldComponentUpdateBug": false,
          },
          "getSnapshotBeforeUpdate": true,
          "setState": Object {
            "skipsComponentDidUpdateOnNullish": true,
          },
        },
      },
    },
    Symbol(enzyme.__providerValues__): undefined,
  },
  Symbol(enzyme.__providerValues__): Map {},
}
`;
