// Jest Snapshot v1, https://goo.gl/fbAQLP

exports[`FilterBar tests default renderer 1`] = `
<div
  className="FilterBar"
>
  <WithStyles(ForwardRef(FormGroup))
    className="FilterBar__FormGroup"
    row={true}
  />
</div>
`;
