// Jest Snapshot v1, https://goo.gl/fbAQLP

exports[`People tests default renderer 1`] = `
<div
  className="People"
>
  <WithStyles(FullScreenDialog)
    disableSubmit={true}
    onClose={[MockFunction]}
    onSubmit={[MockFunction]}
    open={true}
    title={
      <FormattedMessage
        defaultMessage="People"
        id="cboard.components.Settings.People.people"
        values={Object {}}
      />
    }
  >
    <WithStyles(ForwardRef(Paper))>
      <WithStyles(ForwardRef(List))>
        <WithStyles(ForwardRef(ListItem))>
          <div
            className="Settings__UserIcon__Container"
          >
            <Connect(UserIconContainer) />
          </div>
          <WithStyles(ForwardRef(ListItemText))
            primary=""
          />
          <WithStyles(ForwardRef(ListItemSecondaryAction))
            className="Settings--secondaryAction"
          >
            <WithStyles(ForwardRef(Button))
              color="primary"
              component={
                Object {
                  "$$typeof": Symbol(react.forward_ref),
                  "propTypes": Object {
                    "innerRef": [Function],
                    "onClick": [Function],
                    "replace": [Function],
                    "target": [Function],
                    "to": [Function],
                  },
                  "render": [Function],
                }
              }
              disabled={true}
              onClick={[MockFunction]}
              to="/"
              variant="outlined"
            >
              <FormattedMessage
                defaultMessage="Logout"
                id="cboard.components.Settings.People.logout"
                values={Object {}}
              />
            </WithStyles(ForwardRef(Button))>
          </WithStyles(ForwardRef(ListItemSecondaryAction))>
        </WithStyles(ForwardRef(ListItem))>
        <WithStyles(ForwardRef(ListItem))>
          <WithStyles(ForwardRef(ListItemText))
            primary={
              <FormattedMessage
                defaultMessage="Name"
                id="cboard.components.Settings.People.name"
                values={Object {}}
              />
            }
            secondary={
              <FormattedMessage
                defaultMessage="Update your user name"
                id="cboard.components.Settings.People.nameSecondary"
                values={Object {}}
              />
            }
          />
          <WithStyles(ForwardRef(ListItemSecondaryAction))
            className="Settings--secondaryAction"
          >
            <WithStyles(ForwardRef(TextField))
              disabled={true}
              id="user-name"
              label={
                <FormattedMessage
                  defaultMessage="Name"
                  id="cboard.components.Settings.People.name"
                  values={Object {}}
                />
              }
              margin="normal"
              value=""
            />
          </WithStyles(ForwardRef(ListItemSecondaryAction))>
        </WithStyles(ForwardRef(ListItem))>
        <WithStyles(ForwardRef(ListItem))>
          <WithStyles(ForwardRef(ListItemText))
            primary={
              <FormattedMessage
                defaultMessage="Email"
                id="cboard.components.Settings.People.email"
                values={Object {}}
              />
            }
            secondary={
              <FormattedMessage
                defaultMessage="Update your user email"
                id="cboard.components.Settings.People.emailSecondary"
                values={Object {}}
              />
            }
          />
          <WithStyles(ForwardRef(ListItemSecondaryAction))
            className="Settings--secondaryAction"
          >
            <WithStyles(ForwardRef(TextField))
              className="Settings--secondaryAction--textField"
              disabled={true}
              id="user-email"
              label={
                <FormattedMessage
                  defaultMessage="Email"
                  id="cboard.components.Settings.People.email"
                  values={Object {}}
                />
              }
              margin="normal"
              value=""
            />
          </WithStyles(ForwardRef(ListItemSecondaryAction))>
        </WithStyles(ForwardRef(ListItem))>
        <WithStyles(ForwardRef(ListItem))>
          <WithStyles(ForwardRef(ListItemText))
            primary={
              <FormattedMessage
                defaultMessage="Birth Date"
                id="cboard.components.Settings.People.birthdate"
                values={Object {}}
              />
            }
            secondary={
              <FormattedMessage
                defaultMessage="Update your birth date"
                id="cboard.components.Settings.People.birthdateSecondary"
                values={Object {}}
              />
            }
          />
          <WithStyles(ForwardRef(ListItemSecondaryAction))
            className="Settings--secondaryAction"
          >
            <WithStyles(ForwardRef(TextField))
              InputLabelProps={
                Object {
                  "shrink": true,
                }
              }
              className="Settings--secondaryAction--textField"
              disabled={true}
              id="user-birthdate"
              label={
                <FormattedMessage
                  defaultMessage="Birth Date"
                  id="cboard.components.Settings.People.birthdate"
                  values={Object {}}
                />
              }
              type="date"
              value=""
            />
          </WithStyles(ForwardRef(ListItemSecondaryAction))>
        </WithStyles(ForwardRef(ListItem))>
      </WithStyles(ForwardRef(List))>
    </WithStyles(ForwardRef(Paper))>
    <DeleteConfirmationDialog
      errorDeletingAccount={false}
      handleClose={[Function]}
      handleDeleteConfirmed={[Function]}
      isDeletingAccount={false}
      open={false}
    />
  </WithStyles(FullScreenDialog)>
</div>
`;
