// Jest Snapshot v1, https://goo.gl/fbAQLP

exports[`Information tests default renderer 1`] = `
<React.Fragment>
  <WithStyles(Typography)
    align="center"
    className="WelcomeScreen__heading"
    variant="h2"
  >
    <FormattedMessage
      defaultMessage="Welcome to Cboard"
      id="cboard.components.WelcomeScreenInformation.heading"
      values={Object {}}
    />
  </WithStyles(Typography)>
  <p>
    <FormattedMessage
      defaultMessage="Cboard helps users with speech and language impairments to communicate with symbols and text-to-speech."
      id="cboard.components.WelcomeScreenInformation.text"
      values={Object {}}
    />
  </p>
</React.Fragment>
`;
