// Jest Snapshot v1, https://goo.gl/fbAQLP

exports[`Radio tests default renderer 1`] = `
<WithStyles(FormControlLabel)
  control={<WithStyles(Radio) />}
/>
`;
