// Jest Snapshot v1, https://goo.gl/fbAQLP

exports[`NavigationButtons tests default renderer 1`] = `null`;
