// Jest Snapshot v1, https://goo.gl/fbAQLP

exports[`BackButton tests default renderer 1`] = `
<BackButton
  classes={Object {}}
  intl={
    Object {
      "formatMessage": [Function],
    }
  }
  onClick={[Function]}
  theme={Object {}}
/>
`;
