// Jest Snapshot v1, https://goo.gl/fbAQLP

exports[`<SelectedCounter /> tests default renderer 1`] = `
<div
  className="SelectedCounter"
>
  1
   
  <FormattedMessage
    defaultMessage="items"
    id="cboard.components.SelectedCounter.items"
    values={Object {}}
  />
</div>
`;
