// Jest Snapshot v1, https://goo.gl/fbAQLP

exports[`CommunicatorBoardItem tests default renderer 1`] = `
<div
  className="CommunicatorDialog__boards__item"
>
  <div
    className="CommunicatorDialog__boards__item__image"
  >
    <div
      className="CommunicatorDialog__boards__item__image__empty"
    >
      <pure(ViewModuleIcon) />
    </div>
  </div>
  <div
    className="CommunicatorDialog__boards__item__data"
  >
    <div
      className="CommunicatorDialog__boards__item__data__title"
    >
      <WithStyles(ListItem)
        disableGutters={true}
      >
        <WithStyles(ListItemText)
          primary="someid"
          secondary="cboard.components.CommunicatorDialog.tilesQty"
        />
      </WithStyles(ListItem)>
    </div>
    <div
      className="CommunicatorDialog__boards__item__data__author"
    >
      cboard.components.CommunicatorDialog.author
    </div>
    <div
      className="CommunicatorDialog__boards__item__data__extra"
    />
  </div>
  <div
    className="CommunicatorDialog__boards__item__actions"
  />
</div>
`;
