// Jest Snapshot v1, https://goo.gl/fbAQLP

exports[`RadioGroup tests default renderer 1`] = `
<WithStyles(FormControl)
  className=""
  error={false}
>
  <WithStyles(FormLabel)>
    
  </WithStyles(FormLabel)>
  <UNDEFINED>
    <div>
      "first"
    </div>
    <div>
      "second"
    </div>
    <div>
      "third"
    </div>
  </UNDEFINED>
</WithStyles(FormControl)>
`;
