// Jest Snapshot v1, https://goo.gl/fbAQLP

exports[`IconButton tests default renderer 1`] = `
<React.Fragment>
  <WithStyles(Tooltip)
    placement="bottom"
    title="Go back"
  >
    <WithStyles(IconButton)
      aria-label="Go back"
      color="inherit"
    >
      <div>
        icon
      </div>
    </WithStyles(IconButton)>
  </WithStyles(Tooltip)>
</React.Fragment>
`;
